base {'f05': 0.99012, 'f05_US': 0.9908, 'f05_India': 0.98909}
seed 1 t=.9 716 0.985 gain 0.00037
seed 2 t=.9 791 0.973 gain 0.00039
seed 3 t=.9 744 0.977 gain 0.00037
ens 0.6 1195 0.931 {'f05': 0.00051, 'f05_India': 0.00126, 'f05_US': -0.0}
ens 0.7 1078 0.949 {'f05': 0.00049, 'f05_India': 0.00123, 'f05_US': -0.0}
ens 0.8 931 0.962 {'f05': 0.00043, 'f05_US': -0.0, 'f05_India': 0.00108}
ens 0.85 836 0.975 {'f05': 0.0004, 'f05_India': 0.001, 'f05_US': -0.0}
ens 0.9 713 0.989 {'f05': 0.00036, 'f05_US': -0.0, 'f05_India': 0.0009}
ens 0.93 617 0.99 {'f05': 0.00033, 'f05_India': 0.00082, 'f05_US': -0.0}
ens 0.95 530 0.989 {'f05': 0.00028, 'f05_US': -0.0, 'f05_India': 0.0007}
ens 0.97 413 0.998 {'f05': 0.00022, 'f05_India': 0.00055, 'f05_US': -0.0}
test 0.6 9615
test 0.7 8513
test 0.8 7229
test 0.85 6448
test 0.9 5476
test 0.93 4708
test 0.95 3968
test 0.97 2966
