Warning: You are sending unauthenticated requests to the HF Hub. Please set a HF_TOKEN to enable higher rate limits and faster downloads.
Loading weights:   0%|          | 0/201 [00:00<?, ?it/s]Loading weights: 100%|██████████| 201/201 [00:00<00:00, 6619.05it/s]
  ce score [train]: 1,000,000/7,702,292 186s
  ce score [train]: 2,000,000/7,702,292 381s
  ce score [train]: 3,000,000/7,702,292 574s
  ce score [train]: 4,000,000/7,702,292 765s
  ce score [train]: 5,000,000/7,702,292 946s
  ce score [train]: 6,000,000/7,702,292 1125s
  ce score [train]: 7,000,000/7,702,292 1315s
  ce score [train]: 7,702,292/7,702,292 1467s
Loading weights:   0%|          | 0/201 [00:00<?, ?it/s]Loading weights:  29%|██▉       | 59/201 [00:00<00:00, 576.64it/s]Loading weights:  80%|████████  | 161/201 [00:00<00:00, 793.74it/s]Loading weights: 100%|██████████| 201/201 [00:00<00:00, 934.55it/s]
  ce score [test]: 1,000,000/13,187,937 245s
  ce score [test]: 2,000,000/13,187,937 476s
  ce score [test]: 3,000,000/13,187,937 711s
  ce score [test]: 4,000,000/13,187,937 994s
  ce score [test]: 5,000,000/13,187,937 1272s
  ce score [test]: 6,000,000/13,187,937 1569s
  ce score [test]: 7,000,000/13,187,937 1917s
  ce score [test]: 8,000,000/13,187,937 2167s
  ce score [test]: 9,000,000/13,187,937 2412s
  ce score [test]: 10,000,000/13,187,937 2681s
  ce score [test]: 11,000,000/13,187,937 2925s
  ce score [test]: 12,000,000/13,187,937 3147s
  ce score [test]: 13,000,000/13,187,937 3478s
  ce score [test]: 13,187,937/13,187,937 3511s
