  ce train pairs 1,500,000 (pos 0.619)
Warning: You are sending unauthenticated requests to the HF Hub. Please set a HF_TOKEN to enable higher rate limits and faster downloads.
  ce tokenized 1,500,000 pairs 113s
Loading weights:   0%|          | 0/199 [00:00<?, ?it/s]Loading weights:   7%|▋         | 13/199 [00:00<00:01, 123.40it/s]Loading weights: 100%|██████████| 199/199 [00:00<00:00, 1750.85it/s]
[transformers] [1mBertForSequenceClassification LOAD REPORT[0m from: intfloat/multilingual-e5-small
Key               | Status  | 
------------------+---------+-
classifier.bias   | MISSING | 
classifier.weight | MISSING | 

Notes:
- MISSING:	those params were newly initialized because missing from the checkpoint. Consider training on your downstream task.
  ce step 500/11719 loss 0.1797 722 pairs/s
  ce step 1000/11719 loss 0.1107 724 pairs/s
  ce step 1500/11719 loss 0.0906 723 pairs/s
  ce step 2000/11719 loss 0.0806 722 pairs/s
  ce step 2500/11719 loss 0.0733 721 pairs/s
  ce step 3000/11719 loss 0.0665 721 pairs/s
  ce step 3500/11719 loss 0.0641 721 pairs/s
  ce step 4000/11719 loss 0.0603 721 pairs/s
  ce step 4500/11719 loss 0.0543 721 pairs/s
  ce step 5000/11719 loss 0.0541 720 pairs/s
  ce step 5500/11719 loss 0.0478 718 pairs/s
  ce step 6000/11719 loss 0.0514 718 pairs/s
  ce step 6500/11719 loss 0.0483 718 pairs/s
  ce step 7000/11719 loss 0.0514 718 pairs/s
  ce step 7500/11719 loss 0.0485 718 pairs/s
  ce step 8000/11719 loss 0.0449 718 pairs/s
  ce step 8500/11719 loss 0.0447 718 pairs/s
  ce step 9000/11719 loss 0.0414 718 pairs/s
  ce step 9500/11719 loss 0.0442 718 pairs/s
  ce step 10000/11719 loss 0.0399 718 pairs/s
  ce step 10500/11719 loss 0.0457 718 pairs/s
  ce step 11000/11719 loss 0.0367 718 pairs/s
  ce step 11500/11719 loss 0.0383 718 pairs/s
Writing model shards:   0%|          | 0/1 [00:00<?, ?it/s]Writing model shards: 100%|██████████| 1/1 [00:00<00:00,  2.45it/s]Writing model shards: 100%|██████████| 1/1 [00:00<00:00,  2.45it/s]
