Warning: You are sending unauthenticated requests to the HF Hub. Please set a HF_TOKEN to enable higher rate limits and faster downloads.
Loading weights:   0%|          | 0/199 [00:00<?, ?it/s]Loading weights: 100%|##########| 199/199 [00:00<00:00, 3578.45it/s]
  test s1: 500,000/1,732,544  67s
  test s1: 1,000,000/1,732,544  248s
  test s1: 1,500,000/1,732,544  433s
  test s1: 1,732,544/1,732,544  517s
  test s2: 500,000/4,887,273  153s
  test s2: 1,000,000/4,887,273  307s
  test s2: 1,500,000/4,887,273  463s
  test s2: 2,000,000/4,887,273  623s
  test s2: 2,500,000/4,887,273  769s
  test s2: 3,000,000/4,887,273  921s
  test s2: 3,500,000/4,887,273  1010s
  test s2: 4,000,000/4,887,273  1167s
  test s2: 4,500,000/4,887,273  1318s
  test s2: 4,887,273/4,887,273  1440s
  test s3: 500,000/5,082,316  147s
  test s3: 1,000,000/5,082,316  326s
  test s3: 1,500,000/5,082,316  474s
  test s3: 2,000,000/5,082,316  620s
  test s3: 2,500,000/5,082,316  772s
  test s3: 3,000,000/5,082,316  922s
  test s3: 3,500,000/5,082,316  1071s
  test s3: 4,000,000/5,082,316  1221s
  test s3: 4,500,000/5,082,316  1374s
  test s3: 5,000,000/5,082,316  1527s
  test s3: 5,082,316/5,082,316  1553s
  train s1: 500,000/2,206,821  142s
  train s1: 1,000,000/2,206,821  281s
  train s1: 1,500,000/2,206,821  379s
  train s1: 2,000,000/2,206,821  502s
  train s1: 2,206,821/2,206,821  559s
  train s2: 500,000/5,034,616  145s
  train s2: 1,000,000/5,034,616  293s
  train s2: 1,500,000/5,034,616  442s
  train s2: 2,000,000/5,034,616  597s
  train s2: 2,500,000/5,034,616  757s
  train s2: 3,000,000/5,034,616  919s
  train s2: 3,500,000/5,034,616  1078s
  train s2: 4,000,000/5,034,616  1234s
  train s2: 4,500,000/5,034,616  1395s
  train s2: 5,000,000/5,034,616  1668s
  train s2: 5,034,616/5,034,616  1683s
  train s3: 500,000/5,285,603  174s
  train s3: 1,000,000/5,285,603  275s
  train s3: 1,500,000/5,285,603  341s
  train s3: 2,000,000/5,285,603  408s
  train s3: 2,500,000/5,285,603  475s
  train s3: 3,000,000/5,285,603  541s
  train s3: 3,500,000/5,285,603  608s
  train s3: 4,000,000/5,285,603  675s
  train s3: 4,500,000/5,285,603  742s
  train s3: 5,000,000/5,285,603  809s
  train s3: 5,285,603/5,285,603  848s
