FN 21171 FP 776 of 762778
shape: (12, 4)
┌─────────┬────────────┬───────────┬──────┐
│ country ┆ addr_empty ┆ cat       ┆ len  │
│ ---     ┆ ---        ┆ ---       ┆ ---  │
│ str     ┆ i8         ┆ str       ┆ u32  │
╞═════════╪════════════╪═══════════╪══════╡
│ India   ┆ 0          ┆ below_t   ┆ 711  │
│ India   ┆ 0          ┆ notcand   ┆ 2554 │
│ India   ┆ 0          ┆ outranked ┆ 20   │
│ India   ┆ 1          ┆ below_t   ┆ 1905 │
│ India   ┆ 1          ┆ notcand   ┆ 3714 │
│ …       ┆ …          ┆ …         ┆ …    │
│ US      ┆ 0          ┆ notcand   ┆ 511  │
│ US      ┆ 0          ┆ outranked ┆ 68   │
│ US      ┆ 1          ┆ below_t   ┆ 4816 │
│ US      ┆ 1          ┆ notcand   ┆ 4735 │
│ US      ┆ 1          ┆ outranked ┆ 412  │
└─────────┴────────────┴───────────┴──────┘
shape: (4, 3)
┌─────────┬────────────┬─────┐
│ country ┆ addr_empty ┆ len │
│ ---     ┆ ---        ┆ --- │
│ str     ┆ i8         ┆ u32 │
╞═════════╪════════════╪═════╡
│ India   ┆ 0          ┆ 138 │
│ India   ┆ 1          ┆ 144 │
│ US      ┆ 0          ┆ 253 │
│ US      ┆ 1          ┆ 241 │
└─────────┴────────────┴─────┘
shape: (16, 3)
┌─────────┬─────┬──────┐
│ country ┆ b   ┆ len  │
│ ---     ┆ --- ┆ ---  │
│ str     ┆ f32 ┆ u32  │
╞═════════╪═════╪══════╡
│ India   ┆ 0.0 ┆ 282  │
│ India   ┆ 1.0 ┆ 265  │
│ India   ┆ 2.0 ┆ 297  │
│ India   ┆ 3.0 ┆ 405  │
│ India   ┆ 4.0 ┆ 511  │
│ …       ┆ …   ┆ …    │
│ US      ┆ 3.0 ┆ 1049 │
│ US      ┆ 4.0 ┆ 1186 │
│ US      ┆ 5.0 ┆ 736  │
│ US      ┆ 6.0 ┆ 579  │
│ US      ┆ 7.0 ┆ 291  │
└─────────┴─────┴──────┘
